<?xml version="1.0" encoding="UTF-8"?>
<testsuites name="jest tests" tests="377" failures="88" errors="0" time="4.241">
  <testsuite name="useApplications Hook" errors="0" failures="0" skipped="16" timestamp="2025-10-10T11:47:19" time="0.631" tests="16">
    <testcase classname="useApplications Hook › fetchApplications" name="should fetch applications successfully" time="0">
      <skipped/>
    </testcase>
    <testcase classname="useApplications Hook › fetchApplications" name="should handle array response format" time="0">
      <skipped/>
    </testcase>
    <testcase classname="useApplications Hook › fetchApplications" name="should not fetch when user is not authenticated" time="0">
      <skipped/>
    </testcase>
    <testcase classname="useApplications Hook › fetchApplications" name="should handle fetch error" time="0">
      <skipped/>
    </testcase>
    <testcase classname="useApplications Hook › fetchApplications" name="should handle API response without success flag" time="0">
      <skipped/>
    </testcase>
    <testcase classname="useApplications Hook › createApplication" name="should create application successfully" time="0">
      <skipped/>
    </testcase>
    <testcase classname="useApplications Hook › createApplication" name="should handle create application error" time="0">
      <skipped/>
    </testcase>
    <testcase classname="useApplications Hook › submitApplication" name="should submit application successfully" time="0">
      <skipped/>
    </testcase>
    <testcase classname="useApplications Hook › submitApplication" name="should handle submit application error" time="0">
      <skipped/>
    </testcase>
    <testcase classname="useApplications Hook › withdrawApplication" name="should withdraw application successfully" time="0">
      <skipped/>
    </testcase>
    <testcase classname="useApplications Hook › updateApplication" name="should update application successfully" time="0">
      <skipped/>
    </testcase>
    <testcase classname="useApplications Hook › uploadDocument" name="should upload document successfully" time="0">
      <skipped/>
    </testcase>
    <testcase classname="useApplications Hook › saveApplicationDraft" name="should save draft successfully" time="0">
      <skipped/>
    </testcase>
    <testcase classname="useApplications Hook › deleteApplication" name="should delete application successfully" time="0">
      <skipped/>
    </testcase>
    <testcase classname="useApplications Hook › error handling" name="should set error state when API calls fail" time="0">
      <skipped/>
    </testcase>
    <testcase classname="useApplications Hook › error handling" name="should clear error on successful operation" time="0">
      <skipped/>
    </testcase>
  </testsuite>
  <testsuite name="FileUpload Component" errors="0" failures="0" skipped="12" timestamp="2025-10-10T11:47:20" time="0.266" tests="12">
    <testcase classname="FileUpload Component" name="should render upload area correctly" time="0">
      <skipped/>
    </testcase>
    <testcase classname="FileUpload Component" name="should handle file selection via input" time="0">
      <skipped/>
    </testcase>
    <testcase classname="FileUpload Component" name="should reject files that exceed size limit" time="0">
      <skipped/>
    </testcase>
    <testcase classname="FileUpload Component" name="should reject files with invalid types" time="0">
      <skipped/>
    </testcase>
    <testcase classname="FileUpload Component" name="should enforce maximum file count limit" time="0">
      <skipped/>
    </testcase>
    <testcase classname="FileUpload Component" name="should handle drag and drop events" time="0">
      <skipped/>
    </testcase>
    <testcase classname="FileUpload Component" name="should show file upload progress" time="0">
      <skipped/>
    </testcase>
    <testcase classname="FileUpload Component" name="should allow file removal" time="0">
      <skipped/>
    </testcase>
    <testcase classname="FileUpload Component" name="should handle upload errors gracefully" time="0">
      <skipped/>
    </testcase>
    <testcase classname="FileUpload Component" name="should call onFilesChange when files are added" time="0">
      <skipped/>
    </testcase>
    <testcase classname="FileUpload Component" name="should show file preview for images" time="0">
      <skipped/>
    </testcase>
    <testcase classname="FileUpload Component" name="should display file icon for documents" time="0">
      <skipped/>
    </testcase>
  </testsuite>
  <testsuite name="DevLoginPage Component" errors="0" failures="0" skipped="9" timestamp="2025-10-10T11:47:20" time="0.195" tests="9">
    <testcase classname="DevLoginPage Component" name="should render development login interface correctly" time="0">
      <skipped/>
    </testcase>
    <testcase classname="DevLoginPage Component" name="should display all mock users with correct roles" time="0">
      <skipped/>
    </testcase>
    <testcase classname="DevLoginPage Component" name="should handle user login correctly" time="0">
      <skipped/>
    </testcase>
    <testcase classname="DevLoginPage Component" name="should store correct user data in localStorage" time="0">
      <skipped/>
    </testcase>
    <testcase classname="DevLoginPage Component" name="should display instructions clearly" time="0">
      <skipped/>
    </testcase>
    <testcase classname="DevLoginPage Component" name="should show proper role colors and icons" time="0">
      <skipped/>
    </testcase>
    <testcase classname="DevLoginPage Component" name="should disable buttons during login process" time="0">
      <skipped/>
    </testcase>
    <testcase classname="DevLoginPage Production Mode" name="should not render in production mode" time="0">
      <skipped/>
    </testcase>
    <testcase classname="DevLoginPage Production Mode" name="should redirect to home page in production" time="0">
      <skipped/>
    </testcase>
  </testsuite>
  <testsuite name="AdminConfigurationManagement Component" errors="0" failures="0" skipped="20" timestamp="2025-10-10T11:47:19" time="1.238" tests="20">
    <testcase classname="AdminConfigurationManagement Component" name="should render component with loading state initially" time="0">
      <skipped/>
    </testcase>
    <testcase classname="AdminConfigurationManagement Component" name="should load and display scholarship types" time="0">
      <skipped/>
    </testcase>
    <testcase classname="AdminConfigurationManagement Component" name="should display error message when loading configurations fails" time="0">
      <skipped/>
    </testcase>
    <testcase classname="AdminConfigurationManagement Component" name="should load configurations when scholarship type is selected" time="0">
      <skipped/>
    </testcase>
    <testcase classname="AdminConfigurationManagement Component" name="should display configurations in table" time="0">
      <skipped/>
    </testcase>
    <testcase classname="AdminConfigurationManagement Component" name="should show empty state when no configurations exist" time="0">
      <skipped/>
    </testcase>
    <testcase classname="AdminConfigurationManagement Component" name="should open create dialog when create button is clicked" time="0">
      <skipped/>
    </testcase>
    <testcase classname="AdminConfigurationManagement Component" name="should create new configuration successfully" time="0">
      <skipped/>
    </testcase>
    <testcase classname="AdminConfigurationManagement Component" name="should handle create configuration error" time="0">
      <skipped/>
    </testcase>
    <testcase classname="AdminConfigurationManagement Component" name="should open edit dialog when edit button is clicked" time="0">
      <skipped/>
    </testcase>
    <testcase classname="AdminConfigurationManagement Component" name="should update configuration successfully" time="0">
      <skipped/>
    </testcase>
    <testcase classname="AdminConfigurationManagement Component" name="should delete configuration successfully" time="0">
      <skipped/>
    </testcase>
    <testcase classname="AdminConfigurationManagement Component" name="should duplicate configuration successfully" time="0">
      <skipped/>
    </testcase>
    <testcase classname="AdminConfigurationManagement Component" name="should filter configurations by academic year" time="0">
      <skipped/>
    </testcase>
    <testcase classname="AdminConfigurationManagement Component" name="should filter configurations by semester" time="0">
      <skipped/>
    </testcase>
    <testcase classname="AdminConfigurationManagement Component" name="should refresh configurations when refresh button is clicked" time="0">
      <skipped/>
    </testcase>
    <testcase classname="AdminConfigurationManagement Component" name="should display active/inactive status correctly" time="0">
      <skipped/>
    </testcase>
    <testcase classname="AdminConfigurationManagement Component" name="should handle API errors gracefully" time="0">
      <skipped/>
    </testcase>
    <testcase classname="AdminConfigurationManagement Component" name="should close error message when X button is clicked" time="0">
      <skipped/>
    </testcase>
    <testcase classname="AdminConfigurationManagement Component" name="should validate form data before submission" time="0">
      <skipped/>
    </testcase>
  </testsuite>
  <testsuite name="API Client" errors="0" failures="21" skipped="0" timestamp="2025-10-10T11:47:20" time="0.141" tests="24">
    <testcase classname="API Client › Authentication" name="should include auth token in requests" time="0.004">
      <failure>TypeError: Cannot read properties of undefined (reading &apos;1&apos;)
    at Object.&lt;anonymous&gt; (/home/jotp/scholarship-system/frontend/lib/__tests__/api-comprehensive.test.ts:40:32)
    at processTicksAndRejections (node:internal/process/task_queues:105:5)</failure>
    </testcase>
    <testcase classname="API Client › Authentication" name="should handle requests without auth token" time="0.001">
      <failure>TypeError: Cannot read properties of undefined (reading &apos;1&apos;)
    at Object.&lt;anonymous&gt; (/home/jotp/scholarship-system/frontend/lib/__tests__/api-comprehensive.test.ts:61:32)
    at processTicksAndRejections (node:internal/process/task_queues:105:5)</failure>
    </testcase>
    <testcase classname="API Client › Authentication" name="should clear token on 401 response" time="0.002">
      <failure>Error: expect(received).toBeNull()

Received: &quot;mock-token&quot;
    at Object.toBeNull (/home/jotp/scholarship-system/frontend/lib/__tests__/api-comprehensive.test.ts:88:36)
    at processTicksAndRejections (node:internal/process/task_queues:105:5)</failure>
    </testcase>
    <testcase classname="API Client › Error Handling" name="should handle network errors" time="0.003">
      <failure>Error: expect(received).toBe(expected) // Object.is equality

Expected: &quot;Network error&quot;
Received: &quot;fail is not defined&quot;
    at Object.toBe (/home/jotp/scholarship-system/frontend/lib/__tests__/api-comprehensive.test.ts:100:31)
    at processTicksAndRejections (node:internal/process/task_queues:105:5)</failure>
    </testcase>
    <testcase classname="API Client › Error Handling" name="should handle HTTP error responses" time="0.001">
      <failure>Error: expect(received).toBe(expected) // Object.is equality

Expected: &quot;Server error&quot;
Received: &quot;fail is not defined&quot;
    at Object.toBe (/home/jotp/scholarship-system/frontend/lib/__tests__/api-comprehensive.test.ts:117:31)
    at processTicksAndRejections (node:internal/process/task_queues:105:5)</failure>
    </testcase>
    <testcase classname="API Client › Error Handling" name="should handle malformed JSON responses" time="0">
    </testcase>
    <testcase classname="API Client › Scholarship APIs" name="should get all scholarships" time="0.004">
      <failure>Error: expect(received).toEqual(expected) // deep equality

- Expected  - 12
+ Received  +  1

- Array [
-   Object {
-     &quot;code&quot;: &quot;academic_excellence&quot;,
-     &quot;id&quot;: 1,
-     &quot;name&quot;: &quot;Academic Excellence&quot;,
-   },
-   Object {
-     &quot;code&quot;: &quot;research_grant&quot;,
-     &quot;id&quot;: 2,
-     &quot;name&quot;: &quot;Research Grant&quot;,
-   },
- ]
+ Array []
    at Object.toEqual (/home/jotp/scholarship-system/frontend/lib/__tests__/api-comprehensive.test.ts:152:27)
    at processTicksAndRejections (node:internal/process/task_queues:105:5)</failure>
    </testcase>
    <testcase classname="API Client › Scholarship APIs" name="should get eligible scholarships" time="0.002">
      <failure>Error: expect(jest.fn()).toHaveBeenCalledWith(...expected)

Expected: StringContaining &quot;/scholarships/eligible&quot;, Any&lt;Object&gt;

Number of calls: 0
    at Object.toHaveBeenCalledWith (/home/jotp/scholarship-system/frontend/lib/__tests__/api-comprehensive.test.ts:162:21)
    at processTicksAndRejections (node:internal/process/task_queues:105:5)</failure>
    </testcase>
    <testcase classname="API Client › Scholarship APIs" name="should get scholarship by ID" time="0.001">
      <failure>Error: expect(jest.fn()).toHaveBeenCalledWith(...expected)

Expected: StringContaining &quot;/scholarships/1&quot;, Any&lt;Object&gt;

Number of calls: 0
    at Object.toHaveBeenCalledWith (/home/jotp/scholarship-system/frontend/lib/__tests__/api-comprehensive.test.ts:171:21)
    at processTicksAndRejections (node:internal/process/task_queues:105:5)</failure>
    </testcase>
    <testcase classname="API Client › Application APIs" name="should create application" time="0.001">
      <failure>TypeError: Cannot read properties of undefined (reading &apos;0&apos;)
    at Object.&lt;anonymous&gt; (/home/jotp/scholarship-system/frontend/lib/__tests__/api-comprehensive.test.ts:189:23)
    at processTicksAndRejections (node:internal/process/task_queues:105:5)</failure>
    </testcase>
    <testcase classname="API Client › Application APIs" name="should get user applications" time="0">
      <failure>TypeError: Cannot read properties of undefined (reading &apos;0&apos;)
    at Object.&lt;anonymous&gt; (/home/jotp/scholarship-system/frontend/lib/__tests__/api-comprehensive.test.ts:198:23)
    at processTicksAndRejections (node:internal/process/task_queues:105:5)</failure>
    </testcase>
    <testcase classname="API Client › Application APIs" name="should update application" time="0.001">
      <failure>Error: expect(jest.fn()).toHaveBeenCalledWith(...expected)

Expected: StringContaining &quot;/applications/1&quot;, ObjectContaining {&quot;body&quot;: &quot;{\&quot;form_data\&quot;:{\&quot;name\&quot;:\&quot;Updated Name\&quot;}}&quot;, &quot;method&quot;: &quot;PUT&quot;}

Number of calls: 0
    at Object.toHaveBeenCalledWith (/home/jotp/scholarship-system/frontend/lib/__tests__/api-comprehensive.test.ts:206:21)
    at processTicksAndRejections (node:internal/process/task_queues:105:5)</failure>
    </testcase>
    <testcase classname="API Client › Application APIs" name="should delete application" time="0.001">
      <failure>Error: expect(jest.fn()).toHaveBeenCalledWith(...expected)

Expected: StringContaining &quot;/applications/1&quot;, ObjectContaining {&quot;method&quot;: &quot;DELETE&quot;}

Number of calls: 0
    at Object.toHaveBeenCalledWith (/home/jotp/scholarship-system/frontend/lib/__tests__/api-comprehensive.test.ts:218:21)
    at processTicksAndRejections (node:internal/process/task_queues:105:5)</failure>
    </testcase>
    <testcase classname="API Client › Admin APIs" name="should get dashboard stats" time="0.001">
      <failure>Error: expect(jest.fn()).toHaveBeenCalledWith(...expected)

Expected: StringContaining &quot;/admin/dashboard/stats&quot;, Any&lt;Object&gt;

Number of calls: 0
    at Object.toHaveBeenCalledWith (/home/jotp/scholarship-system/frontend/lib/__tests__/api-comprehensive.test.ts:231:21)
    at processTicksAndRejections (node:internal/process/task_queues:105:5)</failure>
    </testcase>
    <testcase classname="API Client › Admin APIs" name="should get all applications with filters" time="0">
      <failure>Error: expect(jest.fn()).toHaveBeenCalledWith(...expected)

Expected: StringContaining &quot;/admin/applications?page=1&amp;size=10&amp;status=submitted&quot;, Any&lt;Object&gt;

Number of calls: 0
    at Object.toHaveBeenCalledWith (/home/jotp/scholarship-system/frontend/lib/__tests__/api-comprehensive.test.ts:240:21)
    at processTicksAndRejections (node:internal/process/task_queues:105:5)</failure>
    </testcase>
    <testcase classname="API Client › Admin APIs" name="should update application status" time="0.001">
      <failure>Error: expect(jest.fn()).toHaveBeenCalledWith(...expected)

Expected: StringContaining &quot;/admin/applications/1/status&quot;, ObjectContaining {&quot;body&quot;: &quot;{\&quot;status\&quot;:\&quot;approved\&quot;,\&quot;review_notes\&quot;:\&quot;Looks good\&quot;}&quot;, &quot;method&quot;: &quot;PATCH&quot;}

Number of calls: 0
    at Object.toHaveBeenCalledWith (/home/jotp/scholarship-system/frontend/lib/__tests__/api-comprehensive.test.ts:255:21)
    at processTicksAndRejections (node:internal/process/task_queues:105:5)</failure>
    </testcase>
    <testcase classname="API Client › File APIs" name="should upload document" time="0.001">
      <failure>TypeError: Cannot read properties of undefined (reading &apos;0&apos;)
    at Object.&lt;anonymous&gt; (/home/jotp/scholarship-system/frontend/lib/__tests__/api-comprehensive.test.ts:275:23)
    at processTicksAndRejections (node:internal/process/task_queues:105:5)</failure>
    </testcase>
    <testcase classname="API Client › File APIs" name="should get files by application ID" time="0.001">
      <failure>Error: expect(jest.fn()).toHaveBeenCalledWith(...expected)

Expected: StringContaining &quot;/applications/1/files&quot;, Any&lt;Object&gt;

Number of calls: 0
    at Object.toHaveBeenCalledWith (/home/jotp/scholarship-system/frontend/lib/__tests__/api-comprehensive.test.ts:284:21)
    at processTicksAndRejections (node:internal/process/task_queues:105:5)</failure>
    </testcase>
    <testcase classname="API Client › Request Configuration" name="should set correct Content-Type for JSON requests" time="0">
      <failure>TypeError: Cannot read properties of undefined (reading &apos;1&apos;)
    at Object.&lt;anonymous&gt; (/home/jotp/scholarship-system/frontend/lib/__tests__/api-comprehensive.test.ts:299:32)
    at processTicksAndRejections (node:internal/process/task_queues:105:5)</failure>
    </testcase>
    <testcase classname="API Client › Request Configuration" name="should handle FormData without explicit Content-Type header" time="0">
      <failure>TypeError: Cannot read properties of undefined (reading &apos;1&apos;)
    at Object.&lt;anonymous&gt; (/home/jotp/scholarship-system/frontend/lib/__tests__/api-comprehensive.test.ts:316:32)
    at processTicksAndRejections (node:internal/process/task_queues:105:5)</failure>
    </testcase>
    <testcase classname="API Client › Request Configuration" name="should include Accept header" time="0">
      <failure>TypeError: Cannot read properties of undefined (reading &apos;1&apos;)
    at Object.&lt;anonymous&gt; (/home/jotp/scholarship-system/frontend/lib/__tests__/api-comprehensive.test.ts:332:32)
    at processTicksAndRejections (node:internal/process/task_queues:105:5)</failure>
    </testcase>
    <testcase classname="API Client › Response Processing" name="should parse successful JSON responses" time="0.001">
      <failure>Error: expect(received).toEqual(expected) // deep equality

Expected: {&quot;id&quot;: 1, &quot;name&quot;: &quot;Test&quot;}
Received: []
    at Object.toEqual (/home/jotp/scholarship-system/frontend/lib/__tests__/api-comprehensive.test.ts:357:27)
    at processTicksAndRejections (node:internal/process/task_queues:105:5)</failure>
    </testcase>
    <testcase classname="API Client › Response Processing" name="should handle empty responses" time="0">
    </testcase>
    <testcase classname="API Client › Response Processing" name="should handle text responses" time="0.001">
    </testcase>
  </testsuite>
  <testsuite name="Modular API Structure" errors="0" failures="59" skipped="0" timestamp="2025-10-10T11:47:20" time="0.248" tests="90">
    <testcase classname="Modular API Structure › Exports" name="should export api singleton" time="0.004">
    </testcase>
    <testcase classname="Modular API Structure › Exports" name="should export apiClient singleton" time="0.001">
    </testcase>
    <testcase classname="Modular API Structure › Exports" name="api and apiClient should reference the same instance" time="0">
    </testcase>
    <testcase classname="Modular API Structure › Exports" name="should have auth module" time="0.001">
    </testcase>
    <testcase classname="Modular API Structure › Auth Module" name="should have login method" time="0">
    </testcase>
    <testcase classname="Modular API Structure › Auth Module" name="should have logout method" time="0.001">
    </testcase>
    <testcase classname="Modular API Structure › Auth Module" name="should have register method" time="0">
    </testcase>
    <testcase classname="Modular API Structure › Auth Module" name="should have getCurrentUser method" time="0">
    </testcase>
    <testcase classname="Modular API Structure › Auth Module" name="should have refreshToken method" time="0.001">
    </testcase>
    <testcase classname="Modular API Structure › Auth Module" name="should have getMockUsers method" time="0.004">
    </testcase>
    <testcase classname="Modular API Structure › Auth Module" name="should have mockSSOLogin method" time="0.001">
    </testcase>
    <testcase classname="Modular API Structure › Auth Module - Login Functionality" name="should call login and set token on success" time="0.007">
      <failure>Error: expect(received).toEqual(expected) // deep equality

- Expected  - 15
+ Received  +  2

  Object {
-   &quot;data&quot;: Object {
-     &quot;access_token&quot;: &quot;test-token-123&quot;,
-     &quot;expires_in&quot;: 3600,
-     &quot;token_type&quot;: &quot;Bearer&quot;,
-     &quot;user&quot;: Object {
-       &quot;created_at&quot;: &quot;2025-01-01&quot;,
-       &quot;email&quot;: &quot;test@example.com&quot;,
-       &quot;id&quot;: &quot;1&quot;,
-       &quot;name&quot;: &quot;Test User&quot;,
-       &quot;nycu_id&quot;: &quot;testuser&quot;,
-       &quot;role&quot;: &quot;student&quot;,
-       &quot;updated_at&quot;: &quot;2025-01-01&quot;,
-     },
-   },
-   &quot;message&quot;: &quot;Login successful&quot;,
+   &quot;data&quot;: Array [],
+   &quot;message&quot;: &quot;Request completed successfully&quot;,
    &quot;success&quot;: true,
  }
    at Object.toEqual (/home/jotp/scholarship-system/frontend/lib/api/__tests__/modular-api.test.ts:110:22)
    at processTicksAndRejections (node:internal/process/task_queues:105:5)</failure>
    </testcase>
    <testcase classname="Modular API Structure › Auth Module - Login Functionality" name="should handle login failure" time="0.002">
      <failure>Error: expect(received).rejects.toThrow()

Received promise resolved instead of rejected
Resolved to value: {&quot;data&quot;: [], &quot;message&quot;: &quot;Request completed successfully&quot;, &quot;success&quot;: true}
    at expect (/home/jotp/scholarship-system/frontend/node_modules/expect/build/index.js:113:15)
    at Object.expect (/home/jotp/scholarship-system/frontend/lib/api/__tests__/modular-api.test.ts:130:13)
    at Promise.then.completed (/home/jotp/scholarship-system/frontend/node_modules/jest-circus/build/utils.js:298:28)
    at new Promise (&lt;anonymous&gt;)
    at callAsyncCircusFn (/home/jotp/scholarship-system/frontend/node_modules/jest-circus/build/utils.js:231:10)
    at _callCircusTest (/home/jotp/scholarship-system/frontend/node_modules/jest-circus/build/run.js:316:40)
    at processTicksAndRejections (node:internal/process/task_queues:105:5)
    at _runTest (/home/jotp/scholarship-system/frontend/node_modules/jest-circus/build/run.js:252:3)
    at _runTestsForDescribeBlock (/home/jotp/scholarship-system/frontend/node_modules/jest-circus/build/run.js:126:9)
    at _runTestsForDescribeBlock (/home/jotp/scholarship-system/frontend/node_modules/jest-circus/build/run.js:121:9)
    at _runTestsForDescribeBlock (/home/jotp/scholarship-system/frontend/node_modules/jest-circus/build/run.js:121:9)
    at run (/home/jotp/scholarship-system/frontend/node_modules/jest-circus/build/run.js:71:3)
    at runAndTransformResultsToJestFormat (/home/jotp/scholarship-system/frontend/node_modules/jest-circus/build/legacy-code-todo-rewrite/jestAdapterInit.js:122:21)
    at jestAdapter (/home/jotp/scholarship-system/frontend/node_modules/jest-circus/build/legacy-code-todo-rewrite/jestAdapter.js:79:19)
    at runTestInternal (/home/jotp/scholarship-system/frontend/node_modules/jest-runner/build/runTest.js:367:16)
    at runTest (/home/jotp/scholarship-system/frontend/node_modules/jest-runner/build/runTest.js:444:34)
    at Object.worker (/home/jotp/scholarship-system/frontend/node_modules/jest-runner/build/testWorker.js:106:12)</failure>
    </testcase>
    <testcase classname="Modular API Structure › Auth Module - Logout Functionality" name="should clear token on logout" time="0.001">
      <failure>Error: expect(received).toBe(expected) // Object.is equality

Expected: false
Received: true
    at Object.toBe (/home/jotp/scholarship-system/frontend/lib/api/__tests__/modular-api.test.ts:144:36)
    at processTicksAndRejections (node:internal/process/task_queues:105:5)</failure>
    </testcase>
    <testcase classname="Modular API Structure › Token Management" name="should set token correctly" time="0.001">
    </testcase>
    <testcase classname="Modular API Structure › Token Management" name="should clear token correctly" time="0.001">
    </testcase>
    <testcase classname="Modular API Structure › Request Method" name="should make authenticated requests" time="0.002">
      <failure>Error: expect(received).toEqual(expected) // deep equality

- Expected  -  3
+ Received  + 13

  Object {
    &quot;data&quot;: Object {
-     &quot;id&quot;: 1,
-     &quot;name&quot;: &quot;Test&quot;,
+     &quot;access_token&quot;: &quot;test-token-123&quot;,
+     &quot;expires_in&quot;: 3600,
+     &quot;token_type&quot;: &quot;Bearer&quot;,
+     &quot;user&quot;: Object {
+       &quot;created_at&quot;: &quot;2025-01-01&quot;,
+       &quot;email&quot;: &quot;test@example.com&quot;,
+       &quot;id&quot;: &quot;1&quot;,
+       &quot;name&quot;: &quot;Test User&quot;,
+       &quot;nycu_id&quot;: &quot;testuser&quot;,
+       &quot;role&quot;: &quot;student&quot;,
+       &quot;updated_at&quot;: &quot;2025-01-01&quot;,
      },
-   &quot;message&quot;: &quot;Success&quot;,
+   },
+   &quot;message&quot;: &quot;Login successful&quot;,
    &quot;success&quot;: true,
  }
    at Object.toEqual (/home/jotp/scholarship-system/frontend/lib/api/__tests__/modular-api.test.ts:184:22)
    at processTicksAndRejections (node:internal/process/task_queues:105:5)</failure>
    </testcase>
    <testcase classname="Modular API Structure › Request Method" name="should handle query parameters" time="0.002">
      <failure>Error: Invalid credentials
    at ExtendedApiClient.request (/home/jotp/scholarship-system/frontend/lib/api/client.ts:196:15)
    at processTicksAndRejections (node:internal/process/task_queues:105:5)
    at Object.&lt;anonymous&gt; (/home/jotp/scholarship-system/frontend/lib/api/__tests__/modular-api.test.ts:197:7)</failure>
    </testcase>
    <testcase classname="Modular API Structure › Users Module" name="should have users module" time="0.001">
    </testcase>
    <testcase classname="Modular API Structure › Users Module" name="should get user profile" time="0.001">
      <failure>Error: expect(received).toEqual(expected) // deep equality

Expected: {&quot;created_at&quot;: &quot;2025-01-01&quot;, &quot;email&quot;: &quot;test@example.com&quot;, &quot;id&quot;: &quot;1&quot;, &quot;name&quot;: &quot;Test User&quot;, &quot;nycu_id&quot;: &quot;testuser&quot;, &quot;role&quot;: &quot;student&quot;, &quot;updated_at&quot;: &quot;2025-01-01&quot;}
Received: []
    at Object.toEqual (/home/jotp/scholarship-system/frontend/lib/api/__tests__/modular-api.test.ts:236:27)
    at processTicksAndRejections (node:internal/process/task_queues:105:5)</failure>
    </testcase>
    <testcase classname="Modular API Structure › Users Module" name="should update user profile" time="0.001">
      <failure>TypeError: Cannot read properties of undefined (reading &apos;0&apos;)
    at Object.&lt;anonymous&gt; (/home/jotp/scholarship-system/frontend/lib/api/__tests__/modular-api.test.ts:256:23)
    at processTicksAndRejections (node:internal/process/task_queues:105:5)</failure>
    </testcase>
    <testcase classname="Modular API Structure › Users Module" name="should get all users with pagination" time="0">
      <failure>TypeError: Cannot read properties of undefined (reading &apos;0&apos;)
    at Object.&lt;anonymous&gt; (/home/jotp/scholarship-system/frontend/lib/api/__tests__/modular-api.test.ts:278:23)
    at processTicksAndRejections (node:internal/process/task_queues:105:5)</failure>
    </testcase>
    <testcase classname="Modular API Structure › Scholarships Module" name="should have scholarships module" time="0.001">
    </testcase>
    <testcase classname="Modular API Structure › Scholarships Module" name="should get eligible scholarships" time="0.001">
      <failure>Error: expect(received).toEqual(expected) // deep equality

- Expected  - 6
+ Received  + 1

- Array [
-   Object {
-     &quot;id&quot;: 1,
-     &quot;name&quot;: &quot;Test Scholarship&quot;,
-   },
- ]
+ Array []
    at Object.toEqual (/home/jotp/scholarship-system/frontend/lib/api/__tests__/modular-api.test.ts:306:27)
    at processTicksAndRejections (node:internal/process/task_queues:105:5)</failure>
    </testcase>
    <testcase classname="Modular API Structure › Scholarships Module" name="should get scholarship by ID" time="0.001">
      <failure>Error: expect(received).toEqual(expected) // deep equality

Expected: {&quot;id&quot;: 1, &quot;name&quot;: &quot;Test Scholarship&quot;}
Received: []
    at Object.toEqual (/home/jotp/scholarship-system/frontend/lib/api/__tests__/modular-api.test.ts:325:27)
    at processTicksAndRejections (node:internal/process/task_queues:105:5)</failure>
    </testcase>
    <testcase classname="Modular API Structure › Scholarships Module" name="should get all scholarships" time="0.002">
      <failure>Error: expect(received).toEqual(expected) // deep equality

- Expected  - 10
+ Received  +  1

- Array [
-   Object {
-     &quot;id&quot;: 1,
-     &quot;name&quot;: &quot;Scholarship 1&quot;,
-   },
-   Object {
-     &quot;id&quot;: 2,
-     &quot;name&quot;: &quot;Scholarship 2&quot;,
-   },
- ]
+ Array []
    at Object.toEqual (/home/jotp/scholarship-system/frontend/lib/api/__tests__/modular-api.test.ts:347:27)
    at processTicksAndRejections (node:internal/process/task_queues:105:5)</failure>
    </testcase>
    <testcase classname="Modular API Structure › Scholarships Module" name="should create combined PhD scholarship" time="0.001">
      <failure>TypeError: Cannot read properties of undefined (reading &apos;0&apos;)
    at Object.&lt;anonymous&gt; (/home/jotp/scholarship-system/frontend/lib/api/__tests__/modular-api.test.ts:383:23)
    at processTicksAndRejections (node:internal/process/task_queues:105:5)</failure>
    </testcase>
    <testcase classname="Modular API Structure › Applications Module" name="should have applications module" time="0.001">
    </testcase>
    <testcase classname="Modular API Structure › Applications Module" name="should get my applications" time="0.001">
      <failure>Error: expect(received).toEqual(expected) // deep equality

- Expected  - 7
+ Received  + 1

- Array [
-   Object {
-     &quot;id&quot;: 1,
-     &quot;scholarship_type&quot;: &quot;academic_excellence&quot;,
-     &quot;status&quot;: &quot;submitted&quot;,
-   },
- ]
+ Array []
    at Object.toEqual (/home/jotp/scholarship-system/frontend/lib/api/__tests__/modular-api.test.ts:412:27)
    at processTicksAndRejections (node:internal/process/task_queues:105:5)</failure>
    </testcase>
    <testcase classname="Modular API Structure › Applications Module" name="should create application" time="0.001">
      <failure>TypeError: Cannot read properties of undefined (reading &apos;0&apos;)
    at Object.&lt;anonymous&gt; (/home/jotp/scholarship-system/frontend/lib/api/__tests__/modular-api.test.ts:435:23)
    at processTicksAndRejections (node:internal/process/task_queues:105:5)</failure>
    </testcase>
    <testcase classname="Modular API Structure › Applications Module" name="should submit application" time="0.001">
      <failure>TypeError: Cannot read properties of undefined (reading &apos;0&apos;)
    at Object.&lt;anonymous&gt; (/home/jotp/scholarship-system/frontend/lib/api/__tests__/modular-api.test.ts:450:23)
    at processTicksAndRejections (node:internal/process/task_queues:105:5)</failure>
    </testcase>
    <testcase classname="Modular API Structure › Notifications Module" name="should have notifications module" time="0.001">
    </testcase>
    <testcase classname="Modular API Structure › Notifications Module" name="should get notifications" time="0.001">
      <failure>Error: expect(received).toEqual(expected) // deep equality

- Expected  - 8
+ Received  + 1

- Array [
-   Object {
-     &quot;id&quot;: 1,
-     &quot;is_read&quot;: false,
-     &quot;message&quot;: &quot;Test notification&quot;,
-     &quot;title&quot;: &quot;Test&quot;,
-   },
- ]
+ Array []
    at Object.toEqual (/home/jotp/scholarship-system/frontend/lib/api/__tests__/modular-api.test.ts:479:27)
    at processTicksAndRejections (node:internal/process/task_queues:105:5)</failure>
    </testcase>
    <testcase classname="Modular API Structure › Notifications Module" name="should get unread count" time="0">
      <failure>Error: expect(received).toBe(expected) // Object.is equality

Expected: 5
Received: []
    at Object.toBe (/home/jotp/scholarship-system/frontend/lib/api/__tests__/modular-api.test.ts:496:27)
    at processTicksAndRejections (node:internal/process/task_queues:105:5)</failure>
    </testcase>
    <testcase classname="Modular API Structure › Notifications Module" name="should mark notification as read" time="0.001">
      <failure>TypeError: Cannot read properties of undefined (reading &apos;0&apos;)
    at Object.&lt;anonymous&gt; (/home/jotp/scholarship-system/frontend/lib/api/__tests__/modular-api.test.ts:514:23)
    at processTicksAndRejections (node:internal/process/task_queues:105:5)</failure>
    </testcase>
    <testcase classname="Modular API Structure › Quota Module" name="should have quota module" time="0">
    </testcase>
    <testcase classname="Modular API Structure › Quota Module" name="should get available semesters" time="0.001">
      <failure>Error: expect(received).toEqual(expected) // deep equality

- Expected  - 7
+ Received  + 1

- Array [
-   Object {
-     &quot;display_name&quot;: &quot;2024 第一學期&quot;,
-     &quot;period&quot;: &quot;2024-1&quot;,
-     &quot;quota_management_mode&quot;: &quot;matrix_based&quot;,
-   },
- ]
+ Array []
    at Object.toEqual (/home/jotp/scholarship-system/frontend/lib/api/__tests__/modular-api.test.ts:543:27)
    at processTicksAndRejections (node:internal/process/task_queues:105:5)</failure>
    </testcase>
    <testcase classname="Modular API Structure › Quota Module" name="should get quota overview" time="0.001">
      <failure>Error: expect(received).toEqual(expected) // deep equality

- Expected  - 8
+ Received  + 1

- Array [
-   Object {
-     &quot;remaining_quota&quot;: 50,
-     &quot;scholarship_type&quot;: &quot;phd&quot;,
-     &quot;total_quota&quot;: 100,
-     &quot;used_quota&quot;: 50,
-   },
- ]
+ Array []
    at Object.toEqual (/home/jotp/scholarship-system/frontend/lib/api/__tests__/modular-api.test.ts:564:27)
    at processTicksAndRejections (node:internal/process/task_queues:105:5)</failure>
    </testcase>
    <testcase classname="Modular API Structure › Quota Module" name="should update matrix quota" time="0">
      <failure>TypeError: Cannot read properties of undefined (reading &apos;0&apos;)
    at Object.&lt;anonymous&gt; (/home/jotp/scholarship-system/frontend/lib/api/__tests__/modular-api.test.ts:589:23)
    at processTicksAndRejections (node:internal/process/task_queues:105:5)</failure>
    </testcase>
    <testcase classname="Modular API Structure › Professor Module" name="should have professor module" time="0">
    </testcase>
    <testcase classname="Modular API Structure › Professor Module" name="should get applications for review" time="0.005">
      <failure>TypeError: Cannot read properties of undefined (reading &apos;0&apos;)
    at Object.&lt;anonymous&gt; (/home/jotp/scholarship-system/frontend/lib/api/__tests__/modular-api.test.ts:614:23)
    at processTicksAndRejections (node:internal/process/task_queues:105:5)</failure>
    </testcase>
    <testcase classname="Modular API Structure › Professor Module" name="should get professor stats" time="0">
      <failure>TypeError: Cannot read properties of undefined (reading &apos;0&apos;)
    at Object.&lt;anonymous&gt; (/home/jotp/scholarship-system/frontend/lib/api/__tests__/modular-api.test.ts:632:23)
    at processTicksAndRejections (node:internal/process/task_queues:105:5)</failure>
    </testcase>
    <testcase classname="Modular API Structure › Professor Module" name="should submit professor review" time="0.004">
      <failure>TypeError: Cannot read properties of undefined (reading &apos;0&apos;)
    at Object.&lt;anonymous&gt; (/home/jotp/scholarship-system/frontend/lib/api/__tests__/modular-api.test.ts:650:23)
    at processTicksAndRejections (node:internal/process/task_queues:105:5)</failure>
    </testcase>
    <testcase classname="Modular API Structure › College Module" name="should have college module" time="0">
    </testcase>
    <testcase classname="Modular API Structure › College Module" name="should get applications for college review" time="0.001">
      <failure>TypeError: Cannot read properties of undefined (reading &apos;0&apos;)
    at Object.&lt;anonymous&gt; (/home/jotp/scholarship-system/frontend/lib/api/__tests__/modular-api.test.ts:671:23)
    at processTicksAndRejections (node:internal/process/task_queues:105:5)</failure>
    </testcase>
    <testcase classname="Modular API Structure › College Module" name="should get college rankings" time="0">
      <failure>TypeError: Cannot read properties of undefined (reading &apos;0&apos;)
    at Object.&lt;anonymous&gt; (/home/jotp/scholarship-system/frontend/lib/api/__tests__/modular-api.test.ts:685:23)
    at processTicksAndRejections (node:internal/process/task_queues:105:5)</failure>
    </testcase>
    <testcase classname="Modular API Structure › College Module" name="should create college ranking" time="0.001">
      <failure>TypeError: Cannot read properties of undefined (reading &apos;0&apos;)
    at Object.&lt;anonymous&gt; (/home/jotp/scholarship-system/frontend/lib/api/__tests__/modular-api.test.ts:705:23)
    at processTicksAndRejections (node:internal/process/task_queues:105:5)</failure>
    </testcase>
    <testcase classname="Modular API Structure › College Module" name="should get college statistics" time="0">
      <failure>TypeError: Cannot read properties of undefined (reading &apos;0&apos;)
    at Object.&lt;anonymous&gt; (/home/jotp/scholarship-system/frontend/lib/api/__tests__/modular-api.test.ts:720:23)
    at processTicksAndRejections (node:internal/process/task_queues:105:5)</failure>
    </testcase>
    <testcase classname="Modular API Structure › Whitelist Module" name="should have whitelist module" time="0.001">
    </testcase>
    <testcase classname="Modular API Structure › Whitelist Module" name="should toggle scholarship whitelist" time="0">
      <failure>TypeError: Cannot read properties of undefined (reading &apos;0&apos;)
    at Object.&lt;anonymous&gt; (/home/jotp/scholarship-system/frontend/lib/api/__tests__/modular-api.test.ts:740:23)
    at processTicksAndRejections (node:internal/process/task_queues:105:5)</failure>
    </testcase>
    <testcase classname="Modular API Structure › Whitelist Module" name="should get configuration whitelist" time="0">
      <failure>TypeError: Cannot read properties of undefined (reading &apos;0&apos;)
    at Object.&lt;anonymous&gt; (/home/jotp/scholarship-system/frontend/lib/api/__tests__/modular-api.test.ts:755:23)
    at processTicksAndRejections (node:internal/process/task_queues:105:5)</failure>
    </testcase>
    <testcase classname="Modular API Structure › Whitelist Module" name="should batch add to whitelist" time="0">
      <failure>TypeError: Cannot read properties of undefined (reading &apos;0&apos;)
    at Object.&lt;anonymous&gt; (/home/jotp/scholarship-system/frontend/lib/api/__tests__/modular-api.test.ts:775:23)
    at processTicksAndRejections (node:internal/process/task_queues:105:5)</failure>
    </testcase>
    <testcase classname="Modular API Structure › System Settings Module" name="should have systemSettings module" time="0">
    </testcase>
    <testcase classname="Modular API Structure › System Settings Module" name="should get all configurations" time="0.001">
      <failure>TypeError: Cannot read properties of undefined (reading &apos;0&apos;)
    at Object.&lt;anonymous&gt; (/home/jotp/scholarship-system/frontend/lib/api/__tests__/modular-api.test.ts:796:23)
    at processTicksAndRejections (node:internal/process/task_queues:105:5)</failure>
    </testcase>
    <testcase classname="Modular API Structure › System Settings Module" name="should validate configuration" time="0">
      <failure>TypeError: Cannot read properties of undefined (reading &apos;0&apos;)
    at Object.&lt;anonymous&gt; (/home/jotp/scholarship-system/frontend/lib/api/__tests__/modular-api.test.ts:818:23)
    at processTicksAndRejections (node:internal/process/task_queues:105:5)</failure>
    </testcase>
    <testcase classname="Modular API Structure › Bank Verification Module" name="should have bankVerification module" time="0">
    </testcase>
    <testcase classname="Modular API Structure › Bank Verification Module" name="should verify single bank account" time="0.001">
      <failure>TypeError: Cannot read properties of undefined (reading &apos;0&apos;)
    at Object.&lt;anonymous&gt; (/home/jotp/scholarship-system/frontend/lib/api/__tests__/modular-api.test.ts:843:23)
    at processTicksAndRejections (node:internal/process/task_queues:105:5)</failure>
    </testcase>
    <testcase classname="Modular API Structure › Bank Verification Module" name="should verify batch bank accounts" time="0">
      <failure>TypeError: Cannot read properties of undefined (reading &apos;0&apos;)
    at Object.&lt;anonymous&gt; (/home/jotp/scholarship-system/frontend/lib/api/__tests__/modular-api.test.ts:862:23)
    at processTicksAndRejections (node:internal/process/task_queues:105:5)</failure>
    </testcase>
    <testcase classname="Modular API Structure › Professor-Student Module" name="should have professorStudent module" time="0.001">
    </testcase>
    <testcase classname="Modular API Structure › Professor-Student Module" name="should get professor-student relationships" time="0">
      <failure>TypeError: Cannot read properties of undefined (reading &apos;0&apos;)
    at Object.&lt;anonymous&gt; (/home/jotp/scholarship-system/frontend/lib/api/__tests__/modular-api.test.ts:886:23)
    at processTicksAndRejections (node:internal/process/task_queues:105:5)</failure>
    </testcase>
    <testcase classname="Modular API Structure › Professor-Student Module" name="should create professor-student relationship" time="0">
      <failure>TypeError: Cannot read properties of undefined (reading &apos;0&apos;)
    at Object.&lt;anonymous&gt; (/home/jotp/scholarship-system/frontend/lib/api/__tests__/modular-api.test.ts:904:23)
    at processTicksAndRejections (node:internal/process/task_queues:105:5)</failure>
    </testcase>
    <testcase classname="Modular API Structure › Email Automation Module" name="should have emailAutomation module" time="0">
    </testcase>
    <testcase classname="Modular API Structure › Email Automation Module" name="should get automation rules" time="0">
      <failure>TypeError: Cannot read properties of undefined (reading &apos;0&apos;)
    at Object.&lt;anonymous&gt; (/home/jotp/scholarship-system/frontend/lib/api/__tests__/modular-api.test.ts:925:23)
    at processTicksAndRejections (node:internal/process/task_queues:105:5)</failure>
    </testcase>
    <testcase classname="Modular API Structure › Email Automation Module" name="should toggle automation rule" time="0.001">
      <failure>TypeError: Cannot read properties of undefined (reading &apos;0&apos;)
    at Object.&lt;anonymous&gt; (/home/jotp/scholarship-system/frontend/lib/api/__tests__/modular-api.test.ts:939:23)
    at processTicksAndRejections (node:internal/process/task_queues:105:5)</failure>
    </testcase>
    <testcase classname="Modular API Structure › Batch Import Module" name="should have batchImport module" time="0">
    </testcase>
    <testcase classname="Modular API Structure › Batch Import Module" name="should get batch import history" time="0">
      <failure>TypeError: Cannot read properties of undefined (reading &apos;0&apos;)
    at Object.&lt;anonymous&gt; (/home/jotp/scholarship-system/frontend/lib/api/__tests__/modular-api.test.ts:964:23)
    at processTicksAndRejections (node:internal/process/task_queues:105:5)</failure>
    </testcase>
    <testcase classname="Modular API Structure › Batch Import Module" name="should confirm batch import" time="0.001">
      <failure>TypeError: Cannot read properties of undefined (reading &apos;0&apos;)
    at Object.&lt;anonymous&gt; (/home/jotp/scholarship-system/frontend/lib/api/__tests__/modular-api.test.ts:982:23)
    at processTicksAndRejections (node:internal/process/task_queues:105:5)</failure>
    </testcase>
    <testcase classname="Modular API Structure › Reference Data Module" name="should have referenceData module" time="0">
    </testcase>
    <testcase classname="Modular API Structure › Reference Data Module" name="should get all academies" time="0">
      <failure>TypeError: Cannot read properties of undefined (reading &apos;0&apos;)
    at Object.&lt;anonymous&gt; (/home/jotp/scholarship-system/frontend/lib/api/__tests__/modular-api.test.ts:1007:23)
    at processTicksAndRejections (node:internal/process/task_queues:105:5)</failure>
    </testcase>
    <testcase classname="Modular API Structure › Reference Data Module" name="should get all reference data" time="0">
      <failure>TypeError: Cannot read properties of undefined (reading &apos;0&apos;)
    at Object.&lt;anonymous&gt; (/home/jotp/scholarship-system/frontend/lib/api/__tests__/modular-api.test.ts:1033:23)
    at processTicksAndRejections (node:internal/process/task_queues:105:5)</failure>
    </testcase>
    <testcase classname="Modular API Structure › Reference Data Module" name="should get scholarship periods" time="0">
      <failure>TypeError: Cannot read properties of undefined (reading &apos;0&apos;)
    at Object.&lt;anonymous&gt; (/home/jotp/scholarship-system/frontend/lib/api/__tests__/modular-api.test.ts:1060:23)
    at processTicksAndRejections (node:internal/process/task_queues:105:5)</failure>
    </testcase>
    <testcase classname="Modular API Structure › Application Fields Module" name="should have applicationFields module" time="0">
    </testcase>
    <testcase classname="Modular API Structure › Application Fields Module" name="should get form config" time="0">
      <failure>TypeError: Cannot read properties of undefined (reading &apos;0&apos;)
    at Object.&lt;anonymous&gt; (/home/jotp/scholarship-system/frontend/lib/api/__tests__/modular-api.test.ts:1084:23)
    at processTicksAndRejections (node:internal/process/task_queues:105:5)</failure>
    </testcase>
    <testcase classname="Modular API Structure › Application Fields Module" name="should create field" time="0.001">
      <failure>TypeError: Cannot read properties of undefined (reading &apos;0&apos;)
    at Object.&lt;anonymous&gt; (/home/jotp/scholarship-system/frontend/lib/api/__tests__/modular-api.test.ts:1119:23)
    at processTicksAndRejections (node:internal/process/task_queues:105:5)</failure>
    </testcase>
    <testcase classname="Modular API Structure › Application Fields Module" name="should get documents" time="0">
      <failure>TypeError: Cannot read properties of undefined (reading &apos;0&apos;)
    at Object.&lt;anonymous&gt; (/home/jotp/scholarship-system/frontend/lib/api/__tests__/modular-api.test.ts:1138:23)
    at processTicksAndRejections (node:internal/process/task_queues:105:5)</failure>
    </testcase>
    <testcase classname="Modular API Structure › User Profiles Module" name="should have userProfiles module" time="0">
    </testcase>
    <testcase classname="Modular API Structure › User Profiles Module" name="should get my profile" time="0.001">
      <failure>TypeError: Cannot read properties of undefined (reading &apos;0&apos;)
    at Object.&lt;anonymous&gt; (/home/jotp/scholarship-system/frontend/lib/api/__tests__/modular-api.test.ts:1167:23)
    at processTicksAndRejections (node:internal/process/task_queues:105:5)</failure>
    </testcase>
    <testcase classname="Modular API Structure › User Profiles Module" name="should update bank info" time="0">
      <failure>TypeError: Cannot read properties of undefined (reading &apos;0&apos;)
    at Object.&lt;anonymous&gt; (/home/jotp/scholarship-system/frontend/lib/api/__tests__/modular-api.test.ts:1189:23)
    at processTicksAndRejections (node:internal/process/task_queues:105:5)</failure>
    </testcase>
    <testcase classname="Modular API Structure › User Profiles Module" name="should get incomplete profiles (admin)" time="0.001">
      <failure>TypeError: Cannot read properties of undefined (reading &apos;0&apos;)
    at Object.&lt;anonymous&gt; (/home/jotp/scholarship-system/frontend/lib/api/__tests__/modular-api.test.ts:1208:23)
    at processTicksAndRejections (node:internal/process/task_queues:105:5)</failure>
    </testcase>
    <testcase classname="Modular API Structure › Email Management Module" name="should have emailManagement module" time="0">
    </testcase>
    <testcase classname="Modular API Structure › Email Management Module" name="should get email history" time="0">
      <failure>TypeError: Cannot read properties of undefined (reading &apos;0&apos;)
    at Object.&lt;anonymous&gt; (/home/jotp/scholarship-system/frontend/lib/api/__tests__/modular-api.test.ts:1237:23)
    at processTicksAndRejections (node:internal/process/task_queues:105:5)</failure>
    </testcase>
    <testcase classname="Modular API Structure › Email Management Module" name="should approve scheduled email" time="0.001">
      <failure>TypeError: Cannot read properties of undefined (reading &apos;0&apos;)
    at Object.&lt;anonymous&gt; (/home/jotp/scholarship-system/frontend/lib/api/__tests__/modular-api.test.ts:1255:23)
    at processTicksAndRejections (node:internal/process/task_queues:105:5)</failure>
    </testcase>
    <testcase classname="Modular API Structure › Email Management Module" name="should get test mode status" time="0">
      <failure>TypeError: Cannot read properties of undefined (reading &apos;0&apos;)
    at Object.&lt;anonymous&gt; (/home/jotp/scholarship-system/frontend/lib/api/__tests__/modular-api.test.ts:1278:23)
    at processTicksAndRejections (node:internal/process/task_queues:105:5)</failure>
    </testcase>
    <testcase classname="Modular API Structure › Email Management Module" name="should enable test mode" time="0.001">
      <failure>TypeError: Cannot read properties of undefined (reading &apos;0&apos;)
    at Object.&lt;anonymous&gt; (/home/jotp/scholarship-system/frontend/lib/api/__tests__/modular-api.test.ts:1305:23)
    at processTicksAndRejections (node:internal/process/task_queues:105:5)</failure>
    </testcase>
    <testcase classname="Modular API Structure › Admin Module" name="should have admin module" time="0">
    </testcase>
    <testcase classname="Modular API Structure › Admin Module" name="should get dashboard stats" time="0">
      <failure>TypeError: Cannot read properties of undefined (reading &apos;0&apos;)
    at Object.&lt;anonymous&gt; (/home/jotp/scholarship-system/frontend/lib/api/__tests__/modular-api.test.ts:1332:23)
    at processTicksAndRejections (node:internal/process/task_queues:105:5)</failure>
    </testcase>
    <testcase classname="Modular API Structure › Admin Module" name="should get all applications" time="0">
      <failure>TypeError: Cannot read properties of undefined (reading &apos;0&apos;)
    at Object.&lt;anonymous&gt; (/home/jotp/scholarship-system/frontend/lib/api/__tests__/modular-api.test.ts:1350:23)
    at processTicksAndRejections (node:internal/process/task_queues:105:5)</failure>
    </testcase>
    <testcase classname="Modular API Structure › Admin Module" name="should create announcement" time="0">
      <failure>TypeError: Cannot read properties of undefined (reading &apos;0&apos;)
    at Object.&lt;anonymous&gt; (/home/jotp/scholarship-system/frontend/lib/api/__tests__/modular-api.test.ts:1368:23)
    at processTicksAndRejections (node:internal/process/task_queues:105:5)</failure>
    </testcase>
    <testcase classname="Modular API Structure › Admin Module" name="should get scholarship rules" time="0">
      <failure>TypeError: Cannot read properties of undefined (reading &apos;0&apos;)
    at Object.&lt;anonymous&gt; (/home/jotp/scholarship-system/frontend/lib/api/__tests__/modular-api.test.ts:1387:23)
    at processTicksAndRejections (node:internal/process/task_queues:105:5)</failure>
    </testcase>
    <testcase classname="Modular API Structure › Admin Module" name="should create scholarship configuration" time="0">
      <failure>TypeError: Cannot read properties of undefined (reading &apos;0&apos;)
    at Object.&lt;anonymous&gt; (/home/jotp/scholarship-system/frontend/lib/api/__tests__/modular-api.test.ts:1409:23)
    at processTicksAndRejections (node:internal/process/task_queues:105:5)</failure>
    </testcase>
  </testsuite>
  <testsuite name="API Client" errors="0" failures="8" skipped="0" timestamp="2025-10-10T11:47:20" time="0.087" tests="9">
    <testcase classname="API Client › Authentication" name="should login successfully with valid credentials" time="0.001">
      <failure>TypeError: Cannot read properties of undefined (reading &apos;0&apos;)
    at Object.&lt;anonymous&gt; (/home/jotp/scholarship-system/frontend/lib/__tests__/api.test.ts:51:23)
    at processTicksAndRejections (node:internal/process/task_queues:105:5)</failure>
    </testcase>
    <testcase classname="API Client › Authentication" name="should handle login failure" time="0.001">
      <failure>Error: expect(received).rejects.toThrow()

Received promise resolved instead of rejected
Resolved to value: {&quot;data&quot;: [], &quot;message&quot;: &quot;Request completed successfully&quot;, &quot;success&quot;: true}
    at expect (/home/jotp/scholarship-system/frontend/node_modules/expect/build/index.js:113:15)
    at Object.expect (/home/jotp/scholarship-system/frontend/lib/__tests__/api.test.ts:71:13)
    at Promise.then.completed (/home/jotp/scholarship-system/frontend/node_modules/jest-circus/build/utils.js:298:28)
    at new Promise (&lt;anonymous&gt;)
    at callAsyncCircusFn (/home/jotp/scholarship-system/frontend/node_modules/jest-circus/build/utils.js:231:10)
    at _callCircusTest (/home/jotp/scholarship-system/frontend/node_modules/jest-circus/build/run.js:316:40)
    at processTicksAndRejections (node:internal/process/task_queues:105:5)
    at _runTest (/home/jotp/scholarship-system/frontend/node_modules/jest-circus/build/run.js:252:3)
    at _runTestsForDescribeBlock (/home/jotp/scholarship-system/frontend/node_modules/jest-circus/build/run.js:126:9)
    at _runTestsForDescribeBlock (/home/jotp/scholarship-system/frontend/node_modules/jest-circus/build/run.js:121:9)
    at _runTestsForDescribeBlock (/home/jotp/scholarship-system/frontend/node_modules/jest-circus/build/run.js:121:9)
    at run (/home/jotp/scholarship-system/frontend/node_modules/jest-circus/build/run.js:71:3)
    at runAndTransformResultsToJestFormat (/home/jotp/scholarship-system/frontend/node_modules/jest-circus/build/legacy-code-todo-rewrite/jestAdapterInit.js:122:21)
    at jestAdapter (/home/jotp/scholarship-system/frontend/node_modules/jest-circus/build/legacy-code-todo-rewrite/jestAdapter.js:79:19)
    at runTestInternal (/home/jotp/scholarship-system/frontend/node_modules/jest-runner/build/runTest.js:367:16)
    at runTest (/home/jotp/scholarship-system/frontend/node_modules/jest-runner/build/runTest.js:444:34)
    at Object.worker (/home/jotp/scholarship-system/frontend/node_modules/jest-runner/build/testWorker.js:106:12)</failure>
    </testcase>
    <testcase classname="API Client › Authentication" name="should get current user with valid token" time="0">
      <failure>TypeError: Cannot read properties of undefined (reading &apos;1&apos;)
    at Object.&lt;anonymous&gt; (/home/jotp/scholarship-system/frontend/lib/__tests__/api.test.ts:105:32)
    at processTicksAndRejections (node:internal/process/task_queues:105:5)</failure>
    </testcase>
    <testcase classname="API Client › Applications" name="should fetch user applications" time="0.001">
      <failure>TypeError: Cannot read properties of undefined (reading &apos;0&apos;)
    at Object.&lt;anonymous&gt; (/home/jotp/scholarship-system/frontend/lib/__tests__/api.test.ts:145:23)
    at processTicksAndRejections (node:internal/process/task_queues:105:5)</failure>
    </testcase>
    <testcase classname="API Client › Applications" name="should create new application" time="0">
      <failure>TypeError: Cannot read properties of undefined (reading &apos;1&apos;)
    at Object.&lt;anonymous&gt; (/home/jotp/scholarship-system/frontend/lib/__tests__/api.test.ts:184:32)
    at processTicksAndRejections (node:internal/process/task_queues:105:5)</failure>
    </testcase>
    <testcase classname="API Client › Applications" name="should submit application" time="0.001">
      <failure>TypeError: Cannot read properties of undefined (reading &apos;0&apos;)
    at Object.&lt;anonymous&gt; (/home/jotp/scholarship-system/frontend/lib/__tests__/api.test.ts:217:23)
    at processTicksAndRejections (node:internal/process/task_queues:105:5)</failure>
    </testcase>
    <testcase classname="API Client › Token Management" name="should set and clear tokens correctly" time="0">
    </testcase>
    <testcase classname="API Client › Error Handling" name="should handle network errors" time="0.001">
      <failure>Error: expect(received).rejects.toThrow()

Received promise resolved instead of rejected
Resolved to value: {&quot;data&quot;: [], &quot;message&quot;: &quot;Request completed successfully&quot;, &quot;success&quot;: true}
    at expect (/home/jotp/scholarship-system/frontend/node_modules/expect/build/index.js:113:15)
    at Object.expect (/home/jotp/scholarship-system/frontend/lib/__tests__/api.test.ts:248:13)
    at Promise.then.completed (/home/jotp/scholarship-system/frontend/node_modules/jest-circus/build/utils.js:298:28)
    at new Promise (&lt;anonymous&gt;)
    at callAsyncCircusFn (/home/jotp/scholarship-system/frontend/node_modules/jest-circus/build/utils.js:231:10)
    at _callCircusTest (/home/jotp/scholarship-system/frontend/node_modules/jest-circus/build/run.js:316:40)
    at processTicksAndRejections (node:internal/process/task_queues:105:5)
    at _runTest (/home/jotp/scholarship-system/frontend/node_modules/jest-circus/build/run.js:252:3)
    at _runTestsForDescribeBlock (/home/jotp/scholarship-system/frontend/node_modules/jest-circus/build/run.js:126:9)
    at _runTestsForDescribeBlock (/home/jotp/scholarship-system/frontend/node_modules/jest-circus/build/run.js:121:9)
    at _runTestsForDescribeBlock (/home/jotp/scholarship-system/frontend/node_modules/jest-circus/build/run.js:121:9)
    at run (/home/jotp/scholarship-system/frontend/node_modules/jest-circus/build/run.js:71:3)
    at runAndTransformResultsToJestFormat (/home/jotp/scholarship-system/frontend/node_modules/jest-circus/build/legacy-code-todo-rewrite/jestAdapterInit.js:122:21)
    at jestAdapter (/home/jotp/scholarship-system/frontend/node_modules/jest-circus/build/legacy-code-todo-rewrite/jestAdapter.js:79:19)
    at runTestInternal (/home/jotp/scholarship-system/frontend/node_modules/jest-runner/build/runTest.js:367:16)
    at runTest (/home/jotp/scholarship-system/frontend/node_modules/jest-runner/build/runTest.js:444:34)
    at Object.worker (/home/jotp/scholarship-system/frontend/node_modules/jest-runner/build/testWorker.js:106:12)</failure>
    </testcase>
    <testcase classname="API Client › Error Handling" name="should handle HTTP errors" time="0">
      <failure>Error: expect(received).rejects.toThrow()

Received promise resolved instead of rejected
Resolved to value: {&quot;data&quot;: [], &quot;message&quot;: &quot;Request completed successfully&quot;, &quot;success&quot;: true}
    at expect (/home/jotp/scholarship-system/frontend/node_modules/expect/build/index.js:113:15)
    at Object.expect (/home/jotp/scholarship-system/frontend/lib/__tests__/api.test.ts:264:13)
    at Promise.then.completed (/home/jotp/scholarship-system/frontend/node_modules/jest-circus/build/utils.js:298:28)
    at new Promise (&lt;anonymous&gt;)
    at callAsyncCircusFn (/home/jotp/scholarship-system/frontend/node_modules/jest-circus/build/utils.js:231:10)
    at _callCircusTest (/home/jotp/scholarship-system/frontend/node_modules/jest-circus/build/run.js:316:40)
    at processTicksAndRejections (node:internal/process/task_queues:105:5)
    at _runTest (/home/jotp/scholarship-system/frontend/node_modules/jest-circus/build/run.js:252:3)
    at _runTestsForDescribeBlock (/home/jotp/scholarship-system/frontend/node_modules/jest-circus/build/run.js:126:9)
    at _runTestsForDescribeBlock (/home/jotp/scholarship-system/frontend/node_modules/jest-circus/build/run.js:121:9)
    at _runTestsForDescribeBlock (/home/jotp/scholarship-system/frontend/node_modules/jest-circus/build/run.js:121:9)
    at run (/home/jotp/scholarship-system/frontend/node_modules/jest-circus/build/run.js:71:3)
    at runAndTransformResultsToJestFormat (/home/jotp/scholarship-system/frontend/node_modules/jest-circus/build/legacy-code-todo-rewrite/jestAdapterInit.js:122:21)
    at jestAdapter (/home/jotp/scholarship-system/frontend/node_modules/jest-circus/build/legacy-code-todo-rewrite/jestAdapter.js:79:19)
    at runTestInternal (/home/jotp/scholarship-system/frontend/node_modules/jest-runner/build/runTest.js:367:16)
    at runTest (/home/jotp/scholarship-system/frontend/node_modules/jest-runner/build/runTest.js:444:34)
    at Object.worker (/home/jotp/scholarship-system/frontend/node_modules/jest-runner/build/testWorker.js:106:12)</failure>
    </testcase>
  </testsuite>
  <testsuite name="FileUpload Component" errors="0" failures="0" skipped="18" timestamp="2025-10-10T11:47:20" time="0.133" tests="18">
    <testcase classname="FileUpload Component" name="should render file upload area" time="0">
      <skipped/>
    </testcase>
    <testcase classname="FileUpload Component" name="should render in English locale" time="0">
      <skipped/>
    </testcase>
    <testcase classname="FileUpload Component" name="should handle file selection via input" time="0">
      <skipped/>
    </testcase>
    <testcase classname="FileUpload Component" name="should handle drag and drop" time="0">
      <skipped/>
    </testcase>
    <testcase classname="FileUpload Component" name="should filter invalid file types" time="0">
      <skipped/>
    </testcase>
    <testcase classname="FileUpload Component" name="should filter files exceeding size limit" time="0">
      <skipped/>
    </testcase>
    <testcase classname="FileUpload Component" name="should enforce max files limit" time="0">
      <skipped/>
    </testcase>
    <testcase classname="FileUpload Component" name="should display uploaded files" time="0">
      <skipped/>
    </testcase>
    <testcase classname="FileUpload Component" name="should allow file removal" time="0">
      <skipped/>
    </testcase>
    <testcase classname="FileUpload Component" name="should handle file preview" time="0">
      <skipped/>
    </testcase>
    <testcase classname="FileUpload Component" name="should close preview dialog" time="0">
      <skipped/>
    </testcase>
    <testcase classname="FileUpload Component" name="should show file size in appropriate units" time="0">
      <skipped/>
    </testcase>
    <testcase classname="FileUpload Component" name="should handle drag state correctly" time="0">
      <skipped/>
    </testcase>
    <testcase classname="FileUpload Component" name="should generate unique input IDs" time="0">
      <skipped/>
    </testcase>
    <testcase classname="FileUpload Component" name="should identify uploaded files correctly" time="0">
      <skipped/>
    </testcase>
    <testcase classname="FileUpload Component › accessibility" name="should have proper ARIA labels" time="0">
      <skipped/>
    </testcase>
    <testcase classname="FileUpload Component › accessibility" name="should have proper button roles" time="0">
      <skipped/>
    </testcase>
    <testcase classname="FileUpload Component › error handling" name="should handle files without extensions" time="0">
      <skipped/>
    </testcase>
  </testsuite>
  <testsuite name="FileUpload Component - Simple Tests" errors="0" failures="0" skipped="11" timestamp="2025-10-10T11:47:20" time="0.145" tests="11">
    <testcase classname="FileUpload Component - Simple Tests" name="should render without crashing" time="0">
      <skipped/>
    </testcase>
    <testcase classname="FileUpload Component - Simple Tests" name="should handle different locales" time="0">
      <skipped/>
    </testcase>
    <testcase classname="FileUpload Component - Simple Tests" name="should accept different file types" time="0">
      <skipped/>
    </testcase>
    <testcase classname="FileUpload Component - Simple Tests" name="should handle maxSize prop" time="0">
      <skipped/>
    </testcase>
    <testcase classname="FileUpload Component - Simple Tests" name="should handle maxFiles prop" time="0">
      <skipped/>
    </testcase>
    <testcase classname="FileUpload Component - Simple Tests" name="should handle fileType prop" time="0">
      <skipped/>
    </testcase>
    <testcase classname="FileUpload Component - Simple Tests" name="should generate unique input IDs" time="0">
      <skipped/>
    </testcase>
    <testcase classname="FileUpload Component - Simple Tests" name="should handle drag events without errors" time="0">
      <skipped/>
    </testcase>
    <testcase classname="FileUpload Component - Simple Tests › file validation logic" name="should validate file extensions correctly" time="0">
      <skipped/>
    </testcase>
    <testcase classname="FileUpload Component - Simple Tests › file validation logic" name="should validate file sizes correctly" time="0">
      <skipped/>
    </testcase>
    <testcase classname="FileUpload Component - Simple Tests › accessibility" name="should have proper file input" time="0">
      <skipped/>
    </testcase>
  </testsuite>
  <testsuite name="NotificationButton" errors="0" failures="0" skipped="0" timestamp="2025-10-10T11:47:21" time="0.469" tests="10">
    <testcase classname="NotificationButton" name="renders notification button" time="0.073">
    </testcase>
    <testcase classname="NotificationButton" name="shows unread indicator when unread count is greater than 0" time="0.007">
    </testcase>
    <testcase classname="NotificationButton" name="shows badge when unread count is greater than 3" time="0.01">
    </testcase>
    <testcase classname="NotificationButton" name="shows 99+ when unread count exceeds 99" time="0.004">
    </testcase>
    <testcase classname="NotificationButton" name="does not show indicator when unread count is 0" time="0.004">
    </testcase>
    <testcase classname="NotificationButton" name="opens notification panel when button is clicked" time="0.074">
    </testcase>
    <testcase classname="NotificationButton" name="notifies context when panel is opened" time="0.045">
    </testcase>
    <testcase classname="NotificationButton" name="passes locale to notification panel" time="0.043">
    </testcase>
    <testcase classname="NotificationButton" name="applies custom className" time="0.006">
    </testcase>
    <testcase classname="NotificationButton" name="handles notification click callback" time="0.04">
    </testcase>
  </testsuite>
  <testsuite name="ScholarshipTimeline Component" errors="0" failures="0" skipped="3" timestamp="2025-10-10T11:47:21" time="0.302" tests="6">
    <testcase classname="ScholarshipTimeline Component" name="should show all scholarships for super admin" time="0">
      <skipped/>
    </testcase>
    <testcase classname="ScholarshipTimeline Component" name="should filter scholarships based on admin permissions" time="0">
      <skipped/>
    </testcase>
    <testcase classname="ScholarshipTimeline Component" name="should show no permissions message for admin with no permissions" time="0.047">
    </testcase>
    <testcase classname="ScholarshipTimeline Component" name="should not render for student role" time="0.005">
    </testcase>
    <testcase classname="ScholarshipTimeline Component" name="should show loading state while permissions are loading" time="0.007">
    </testcase>
    <testcase classname="ScholarshipTimeline Component" name="should handle API errors gracefully" time="0">
      <skipped/>
    </testcase>
  </testsuite>
  <testsuite name="ApplicationFormDataDisplay" errors="0" failures="0" skipped="1" timestamp="2025-10-10T11:47:22" time="0.19" tests="11">
    <testcase classname="ApplicationFormDataDisplay" name="should render form data with Chinese labels" time="0.018">
    </testcase>
    <testcase classname="ApplicationFormDataDisplay" name="should render form data with English labels" time="0.01">
    </testcase>
    <testcase classname="ApplicationFormDataDisplay" name="should handle direct form_data structure" time="0.01">
    </testcase>
    <testcase classname="ApplicationFormDataDisplay" name="should handle flat object structure" time="0.008">
    </testcase>
    <testcase classname="ApplicationFormDataDisplay" name="should skip empty and excluded fields" time="0.004">
    </testcase>
    <testcase classname="ApplicationFormDataDisplay" name="should use static field names when dynamic labels not provided" time="0.005">
    </testcase>
    <testcase classname="ApplicationFormDataDisplay" name="should fallback to Chinese when English label not available" time="0.005">
    </testcase>
    <testcase classname="ApplicationFormDataDisplay" name="should handle nested object values" time="0">
      <skipped/>
    </testcase>
    <testcase classname="ApplicationFormDataDisplay" name="should handle array values" time="0.004">
    </testcase>
    <testcase classname="ApplicationFormDataDisplay" name="should show loading state initially" time="0.003">
    </testcase>
    <testcase classname="ApplicationFormDataDisplay" name="should handle malformed form data gracefully" time="0.007">
    </testcase>
  </testsuite>
  <testsuite name="EnhancedStudentPortal" errors="0" failures="0" skipped="0" timestamp="2025-10-10T11:47:21" time="1.183" tests="12">
    <testcase classname="EnhancedStudentPortal" name="should render scholarship information" time="0.139">
    </testcase>
    <testcase classname="EnhancedStudentPortal" name="should render scholarship information in Chinese" time="0.039">
    </testcase>
    <testcase classname="EnhancedStudentPortal" name="should show empty state when no applications exist" time="0.034">
    </testcase>
    <testcase classname="EnhancedStudentPortal" name="should display applications when they exist" time="0.054">
    </testcase>
    <testcase classname="EnhancedStudentPortal" name="should show loading state" time="0.196">
    </testcase>
    <testcase classname="EnhancedStudentPortal" name="should show error state" time="0.053">
    </testcase>
    <testcase classname="EnhancedStudentPortal" name="should allow switching to new application tab" time="0.056">
    </testcase>
    <testcase classname="EnhancedStudentPortal" name="should show form fields in new application tab" time="0.096">
    </testcase>
    <testcase classname="EnhancedStudentPortal" name="should show Chinese text when locale is zh" time="0.041">
    </testcase>
    <testcase classname="EnhancedStudentPortal" name="should handle withdraw application action" time="0.036">
    </testcase>
    <testcase classname="EnhancedStudentPortal" name="should show progress timeline for applications" time="0.046">
    </testcase>
    <testcase classname="EnhancedStudentPortal" name="should handle different application statuses" time="0.026">
    </testcase>
  </testsuite>
  <testsuite name="useAuth Hook" errors="0" failures="0" skipped="0" timestamp="2025-10-10T11:47:22" time="0.159" tests="3">
    <testcase classname="useAuth Hook" name="should provide auth context" time="0.006">
    </testcase>
    <testcase classname="useAuth Hook" name="should initialize with correct default state" time="0.003">
    </testcase>
    <testcase classname="useAuth Hook" name="should throw error when used outside provider" time="0.023">
    </testcase>
  </testsuite>
  <testsuite name="useIsMobile Hook" errors="0" failures="0" skipped="0" timestamp="2025-10-10T11:47:22" time="0.139" tests="12">
    <testcase classname="useIsMobile Hook" name="should initialize as undefined and then set correct mobile state" time="0.003">
    </testcase>
    <testcase classname="useIsMobile Hook" name="should return true for mobile width" time="0.007">
    </testcase>
    <testcase classname="useIsMobile Hook" name="should return false for desktop width" time="0.002">
    </testcase>
    <testcase classname="useIsMobile Hook" name="should return true for width at mobile breakpoint boundary" time="0.001">
    </testcase>
    <testcase classname="useIsMobile Hook" name="should return false for width at desktop breakpoint boundary" time="0.002">
    </testcase>
    <testcase classname="useIsMobile Hook" name="should set up media query listener correctly" time="0.002">
    </testcase>
    <testcase classname="useIsMobile Hook" name="should clean up event listener on unmount" time="0.002">
    </testcase>
    <testcase classname="useIsMobile Hook" name="should respond to media query changes" time="0.003">
    </testcase>
    <testcase classname="useIsMobile Hook" name="should handle undefined window.innerWidth gracefully" time="0.002">
    </testcase>
    <testcase classname="useIsMobile Hook" name="should always return boolean value" time="0.001">
    </testcase>
    <testcase classname="useIsMobile Hook › breakpoint calculations" name="should use correct breakpoint constant" time="0.001">
    </testcase>
    <testcase classname="useIsMobile Hook › breakpoint calculations" name="should classify widths correctly around breakpoint" time="0.002">
    </testcase>
  </testsuite>
  <testsuite name="useScholarshipPermissions" errors="0" failures="0" skipped="0" timestamp="2025-10-10T11:47:22" time="0.134" tests="5">
    <testcase classname="useScholarshipPermissions" name="should allow access for admin user" time="0.005">
    </testcase>
    <testcase classname="useScholarshipPermissions" name="should check permissions correctly" time="0.004">
    </testcase>
    <testcase classname="useScholarshipPermissions" name="should deny access for unauthenticated users" time="0.002">
    </testcase>
    <testcase classname="useScholarshipPermissions" name="should handle invalid scholarship IDs" time="0.003">
    </testcase>
    <testcase classname="useScholarshipPermissions" name="should get allowed scholarships for admin user" time="0.002">
    </testcase>
  </testsuite>
  <testsuite name="useLanguagePreference" errors="0" failures="0" skipped="0" timestamp="2025-10-10T11:47:22" time="0.123" tests="7">
    <testcase classname="useLanguagePreference" name="should initialize with default language (zh)" time="0.004">
    </testcase>
    <testcase classname="useLanguagePreference" name="should initialize with saved language preference" time="0.001">
    </testcase>
    <testcase classname="useLanguagePreference" name="should change language and save to localStorage" time="0.002">
    </testcase>
    <testcase classname="useLanguagePreference" name="should change between languages" time="0.002">
    </testcase>
    <testcase classname="useLanguagePreference" name="should handle invalid saved language preference" time="0.001">
    </testcase>
    <testcase classname="useLanguagePreference" name="should provide language switch enabled flag" time="0.001">
    </testcase>
    <testcase classname="useLanguagePreference" name="should disable language preference for non-student roles" time="0.001">
    </testcase>
  </testsuite>
  <testsuite name="FormValidator" errors="0" failures="0" skipped="0" timestamp="2025-10-10T11:47:22" time="0.083" tests="42">
    <testcase classname="FormValidator › Chinese locale › validateGPA" name="should return error for empty GPA" time="0">
    </testcase>
    <testcase classname="FormValidator › Chinese locale › validateGPA" name="should return error for invalid GPA format" time="0">
    </testcase>
    <testcase classname="FormValidator › Chinese locale › validateGPA" name="should return error for GPA below 0" time="0">
    </testcase>
    <testcase classname="FormValidator › Chinese locale › validateGPA" name="should return error for GPA above 4" time="0.001">
    </testcase>
    <testcase classname="FormValidator › Chinese locale › validateGPA" name="should return warning for undergraduate GPA below 3.38" time="0">
    </testcase>
    <testcase classname="FormValidator › Chinese locale › validateGPA" name="should return info for excellent GPA" time="0">
    </testcase>
    <testcase classname="FormValidator › Chinese locale › validateGPA" name="should return valid for normal GPA" time="0.001">
    </testcase>
    <testcase classname="FormValidator › Chinese locale › validateRanking" name="should return error for empty ranking" time="0">
    </testcase>
    <testcase classname="FormValidator › Chinese locale › validateRanking" name="should return error for invalid ranking format" time="0.001">
    </testcase>
    <testcase classname="FormValidator › Chinese locale › validateRanking" name="should return error for ranking below 0" time="0.001">
    </testcase>
    <testcase classname="FormValidator › Chinese locale › validateRanking" name="should return error for ranking above 100" time="0">
    </testcase>
    <testcase classname="FormValidator › Chinese locale › validateRanking" name="should return error for undergraduate ranking above 35%" time="0">
    </testcase>
    <testcase classname="FormValidator › Chinese locale › validateRanking" name="should return info for top 10% ranking" time="0.001">
    </testcase>
    <testcase classname="FormValidator › Chinese locale › validateRanking" name="should return valid for acceptable ranking" time="0">
    </testcase>
    <testcase classname="FormValidator › Chinese locale › validateTermCount" name="should return error for empty term count" time="0">
    </testcase>
    <testcase classname="FormValidator › Chinese locale › validateTermCount" name="should return error for invalid term count format" time="0.001">
    </testcase>
    <testcase classname="FormValidator › Chinese locale › validateTermCount" name="should return error for term count less than 1" time="0">
    </testcase>
    <testcase classname="FormValidator › Chinese locale › validateTermCount" name="should return error for undergraduate term count exceeding 6" time="0">
    </testcase>
    <testcase classname="FormValidator › Chinese locale › validateTermCount" name="should return error for PhD term count exceeding 2" time="0">
    </testcase>
    <testcase classname="FormValidator › Chinese locale › validateTermCount" name="should return valid for acceptable term count" time="0.001">
    </testcase>
    <testcase classname="FormValidator › Chinese locale › validatePhone" name="should return error for empty phone" time="0">
    </testcase>
    <testcase classname="FormValidator › Chinese locale › validatePhone" name="should accept valid mobile format" time="0.001">
    </testcase>
    <testcase classname="FormValidator › Chinese locale › validatePhone" name="should accept valid landline format" time="0">
    </testcase>
    <testcase classname="FormValidator › Chinese locale › validatePhone" name="should return error for invalid phone format" time="0">
    </testcase>
    <testcase classname="FormValidator › Chinese locale › validateBankAccount" name="should return error for empty bank account" time="0.001">
    </testcase>
    <testcase classname="FormValidator › Chinese locale › validateBankAccount" name="should return error for account too short" time="0">
    </testcase>
    <testcase classname="FormValidator › Chinese locale › validateBankAccount" name="should return error for account too long" time="0">
    </testcase>
    <testcase classname="FormValidator › Chinese locale › validateBankAccount" name="should return error for non-numeric account" time="0">
    </testcase>
    <testcase classname="FormValidator › Chinese locale › validateBankAccount" name="should accept valid bank account" time="0">
    </testcase>
    <testcase classname="FormValidator › Chinese locale › validateEmail" name="should return error for empty email" time="0.001">
    </testcase>
    <testcase classname="FormValidator › Chinese locale › validateEmail" name="should return error for invalid email format" time="0">
    </testcase>
    <testcase classname="FormValidator › Chinese locale › validateEmail" name="should accept valid email" time="0">
    </testcase>
    <testcase classname="FormValidator › Chinese locale › validateAddress" name="should return error for empty address" time="0.004">
    </testcase>
    <testcase classname="FormValidator › Chinese locale › validateAddress" name="should return error for address too short" time="0">
    </testcase>
    <testcase classname="FormValidator › Chinese locale › validateAddress" name="should accept valid address" time="0.001">
    </testcase>
    <testcase classname="FormValidator › Chinese locale › validateResearchProposal" name="should return error for empty proposal" time="0">
    </testcase>
    <testcase classname="FormValidator › Chinese locale › validateResearchProposal" name="should return error for proposal too short" time="0">
    </testcase>
    <testcase classname="FormValidator › Chinese locale › validateResearchProposal" name="should return error for proposal too long" time="0.001">
    </testcase>
    <testcase classname="FormValidator › Chinese locale › validateResearchProposal" name="should accept valid proposal" time="0">
    </testcase>
    <testcase classname="FormValidator › English locale" name="should return English error messages" time="0">
    </testcase>
    <testcase classname="FormValidator › English locale" name="should return English warning messages" time="0.001">
    </testcase>
    <testcase classname="FormValidator › English locale" name="should return English info messages" time="0">
    </testcase>
  </testsuite>
  <testsuite name="Application Helpers" errors="0" failures="0" skipped="0" timestamp="2025-10-10T11:47:22" time="0.127" tests="27">
    <testcase classname="Application Helpers › formatDate" name="should format date for Chinese locale" time="0.016">
    </testcase>
    <testcase classname="Application Helpers › formatDate" name="should format date for English locale" time="0.001">
    </testcase>
    <testcase classname="Application Helpers › formatDate" name="should return empty string for null date" time="0.001">
    </testcase>
    <testcase classname="Application Helpers › formatDate" name="should return empty string for undefined date" time="0">
    </testcase>
    <testcase classname="Application Helpers › formatDate" name="should return empty string for empty date" time="0">
    </testcase>
    <testcase classname="Application Helpers › getApplicationTimeline" name="should return correct timeline for draft status in Chinese" time="0.001">
    </testcase>
    <testcase classname="Application Helpers › getApplicationTimeline" name="should return correct timeline for submitted status in English" time="0.001">
    </testcase>
    <testcase classname="Application Helpers › getApplicationTimeline" name="should return correct timeline for approved status" time="0.001">
    </testcase>
    <testcase classname="Application Helpers › getApplicationTimeline" name="should return correct timeline for rejected status" time="0.004">
    </testcase>
    <testcase classname="Application Helpers › getStatusColor" name="should return correct colors for different statuses" time="0.001">
    </testcase>
    <testcase classname="Application Helpers › getStatusName" name="should return Chinese status names" time="0">
    </testcase>
    <testcase classname="Application Helpers › getStatusName" name="should return English status names" time="0.001">
    </testcase>
    <testcase classname="Application Helpers › formatFieldName" name="should return Chinese field names" time="0">
    </testcase>
    <testcase classname="Application Helpers › formatFieldName" name="should return English field names" time="0.001">
    </testcase>
    <testcase classname="Application Helpers › formatFieldName" name="should return original field name if not mapped" time="0">
    </testcase>
    <testcase classname="Application Helpers › formatFieldValue" name="should format scholarship type from API response" time="0.001">
    </testcase>
    <testcase classname="Application Helpers › formatFieldValue" name="should return code if scholarship not found in API" time="0">
    </testcase>
    <testcase classname="Application Helpers › formatFieldValue" name="should return code if API fails" time="0.007">
    </testcase>
    <testcase classname="Application Helpers › formatFieldValue" name="should return value as-is for non-scholarship fields" time="0.001">
    </testcase>
    <testcase classname="Application Helpers › getDocumentLabel" name="should use dynamic label when provided" time="0">
    </testcase>
    <testcase classname="Application Helpers › getDocumentLabel" name="should fallback to Chinese label when English not available" time="0">
    </testcase>
    <testcase classname="Application Helpers › getDocumentLabel" name="should use static labels when no dynamic label provided" time="0.001">
    </testcase>
    <testcase classname="Application Helpers › getDocumentLabel" name="should return original docType if not mapped" time="0">
    </testcase>
    <testcase classname="Application Helpers › fetchApplicationFiles" name="should fetch files from application details" time="0">
    </testcase>
    <testcase classname="Application Helpers › fetchApplicationFiles" name="should fallback to files API if no documents in application details" time="0.001">
    </testcase>
    <testcase classname="Application Helpers › fetchApplicationFiles" name="should return empty array if both APIs fail" time="0.001">
    </testcase>
    <testcase classname="Application Helpers › fetchApplicationFiles" name="should return empty array if no files found" time="0">
    </testcase>
  </testsuite>
  <testsuite name="FormValidator (Simple)" errors="0" failures="0" skipped="0" timestamp="2025-10-10T11:47:22" time="0.063" tests="22">
    <testcase classname="FormValidator (Simple) › Chinese locale › validateRequired" name="should return error for empty string" time="0.001">
    </testcase>
    <testcase classname="FormValidator (Simple) › Chinese locale › validateRequired" name="should return error for whitespace only" time="0">
    </testcase>
    <testcase classname="FormValidator (Simple) › Chinese locale › validateRequired" name="should return error for null" time="0">
    </testcase>
    <testcase classname="FormValidator (Simple) › Chinese locale › validateRequired" name="should return error for undefined" time="0.001">
    </testcase>
    <testcase classname="FormValidator (Simple) › Chinese locale › validateRequired" name="should return null for valid string" time="0">
    </testcase>
    <testcase classname="FormValidator (Simple) › Chinese locale › validateEmail" name="should return error for invalid email format" time="0">
    </testcase>
    <testcase classname="FormValidator (Simple) › Chinese locale › validateEmail" name="should return error for email without @" time="0">
    </testcase>
    <testcase classname="FormValidator (Simple) › Chinese locale › validateEmail" name="should return error for email without domain" time="0.001">
    </testcase>
    <testcase classname="FormValidator (Simple) › Chinese locale › validateEmail" name="should return null for valid email" time="0">
    </testcase>
    <testcase classname="FormValidator (Simple) › Chinese locale › validateEmail" name="should return null for complex valid email" time="0">
    </testcase>
    <testcase classname="FormValidator (Simple) › Chinese locale › validateGPA" name="should return error for GPA below 0" time="0.001">
    </testcase>
    <testcase classname="FormValidator (Simple) › Chinese locale › validateGPA" name="should return error for GPA above 4.3" time="0">
    </testcase>
    <testcase classname="FormValidator (Simple) › Chinese locale › validateGPA" name="should return null for valid GPA" time="0">
    </testcase>
    <testcase classname="FormValidator (Simple) › Chinese locale › validateGPA" name="should return null for GPA at boundaries" time="0.001">
    </testcase>
    <testcase classname="FormValidator (Simple) › Chinese locale › validateRanking" name="should return error for ranking below 0" time="0">
    </testcase>
    <testcase classname="FormValidator (Simple) › Chinese locale › validateRanking" name="should return error for ranking above 100" time="0">
    </testcase>
    <testcase classname="FormValidator (Simple) › Chinese locale › validateRanking" name="should return null for valid ranking" time="0">
    </testcase>
    <testcase classname="FormValidator (Simple) › Chinese locale › validateRanking" name="should return null for ranking at boundaries" time="0.001">
    </testcase>
    <testcase classname="FormValidator (Simple) › English locale › validateRequired" name="should return English error message" time="0">
    </testcase>
    <testcase classname="FormValidator (Simple) › English locale › validateEmail" name="should return English error message" time="0">
    </testcase>
    <testcase classname="FormValidator (Simple) › English locale › validateGPA" name="should return English error message" time="0.001">
    </testcase>
    <testcase classname="FormValidator (Simple) › English locale › validateRanking" name="should return English error message" time="0">
    </testcase>
  </testsuite>
  <testsuite name="Utils" errors="0" failures="0" skipped="0" timestamp="2025-10-10T11:47:22" time="0.084" tests="7">
    <testcase classname="Utils › cn function" name="should merge className strings correctly" time="0.003">
    </testcase>
    <testcase classname="Utils › cn function" name="should handle conditional classes" time="0">
    </testcase>
    <testcase classname="Utils › cn function" name="should merge Tailwind classes properly" time="0">
    </testcase>
    <testcase classname="Utils › cn function" name="should handle arrays of classes" time="0.001">
    </testcase>
    <testcase classname="Utils › cn function" name="should handle undefined and null values" time="0">
    </testcase>
    <testcase classname="Utils › cn function" name="should handle empty inputs" time="0">
    </testcase>
    <testcase classname="Utils › cn function" name="should handle duplicate classes" time="0.001">
    </testcase>
  </testsuite>
  <testsuite name="Jest Setup" errors="0" failures="0" skipped="0" timestamp="2025-10-10T11:47:22" time="0.081" tests="4">
    <testcase classname="Jest Setup" name="should resolve @/ path aliases correctly" time="0.001">
    </testcase>
    <testcase classname="Jest Setup" name="should have testing environment configured" time="0">
    </testcase>
    <testcase classname="Jest Setup" name="should mock API client methods" time="0.001">
    </testcase>
    <testcase classname="Jest Setup" name="should have DOM testing utilities available" time="0.001">
    </testcase>
  </testsuite>
</testsuites>
